[255D[1C[0;1m‹€€[0;1;47m€€ﬂ‹ﬂ‹[0m€€€[0;1;30;47mﬂ‹ﬂ‹[0;1;30m€[0;1;30;47mﬂ‹ﬂ[0;1;30m€[0;1;30;47m‹[0;1;30m€€€€€€€€€€€€€€€€€€€€€€€€€€€€€€€€€€€€€€€€€€€€€€€€€€€€€€‹
 [0;1mﬂﬂ[0mﬂ [0;1m‹‹‹‹‹‹‹‹‹‹ ‹‹‹‹‹ [0;1;30mﬂﬂﬂﬂﬂ [0;1;33m‹[0;32m‹‹‹‹‹ [0;1m‹‹‹‹‹‹‹‹‹‹‹‹‹‹  ‹‹‹‹‹‹‹‹‹‹‹  ‹‹‹‹‹‹‹‹‹‹‹ [0;1;30mﬂﬂ
 [0;1;30;47m≤≤[1C[0;1m€€€€€ﬂﬂﬂﬂﬂﬂ €€€€€ [0;1;30;47m≤≤≤≤≤[1C[0;1;33;42m∞±≤≤±∞[1C[0;1m€€€€€€€€€€€€€€ €€€€€€ﬂﬂﬂﬂﬂﬂ €€€€€€ﬂﬂﬂﬂﬂﬂ [0;1;30;47m≤≤[40m
[0;1m[0;1m [0;1;30;47m±±[1C[0;1;44m≤≤≤≤≤[1C[0;1;30mﬂﬂﬂﬂ€ [0;1;44m≤≤≤≤≤[1C[0;1;30;47m±±±±±[1C[0m‹‹‹‹‹‹ ‹‹‹ [0;1;44m≤≤≤≤≤≤[1C[0m‹‹‹ [0;1;44m≤≤≤≤≤≤[1C[0;1;30mﬂﬂﬂﬂ€ [0;1;44m≤≤≤≤≤≤[1C[0;1;30mﬂﬂ[0mﬂ[0;1;30mﬂ[0mﬂ[0;1;30;47m±±±[40m
[0;1m[0;1m [0;1;30;47m∞∞[1C[0;1;44m±±±±±±±±±[1C[0;1;30m€ [0;1;44m±±±±±[1C[0;1;30;47m∞∞∞∞∞[1C[0;1;44m±±±±±±[1C[0;1;30;47m∞∞∞[1C[0;1;44m±±±±±±[1C[0;1;30;47m∞∞∞[1C[0;1;44m±±±±±±±±±±[1C[0;1;30m€ [0mﬂ[0;1;44m±±±±±±±±±±[0;1;34m‹ [0;1;30;47m∞∞[40m
[0;1m[0;1m [0;1;30;47m±±[1C[0;1;44m∞∞∞∞∞[1C[0;1;30m‹‹‹‹€ [0;1;44m∞∞∞∞∞[1C[0mﬂﬂﬂﬂﬂ [0;1;44m∞∞∞∞∞∞[1C[0;1;30;47m±±±[1C[0;1;44m∞∞∞∞∞∞[1C[0;1;30;47m±±±[1C[0;1;44m∞∞∞∞∞∞[1C[0;1;30m‹‹‹‹€€‹‹‹‹‹ [0;1;44m∞∞∞∞∞∞[1C[0;1;30;47m±±[40m
[0;1m[0;1m [0;1;30;47m≤≤[1C[0;1;34m€€€€€‹‹‹‹‹‹ €€€€€€€€€€€ €€€€€€ [0;1;30;47m≤≤≤[1C[0;1;34m€€€€€€ [0;1;30;47m≤≤≤[1C[0;1;34m€€€€€€‹‹‹‹‹‹ ‹‹‹‹‹‹€€€€€€ [0;1;30;47m≤≤[40m
[0;1m[0;3m ‹‹‹ [0;1;34mﬂﬂﬂﬂﬂﬂﬂﬂﬂﬂ  ﬂﬂﬂﬂﬂﬂﬂﬂﬂﬂ ﬂﬂﬂﬂﬂﬂ [0;1;30m‹‹‹ [0;1;34mﬂﬂﬂﬂﬂﬂ [0;1;30m‹‹‹‹ [0;1;34mﬂﬂﬂﬂﬂﬂﬂﬂﬂﬂﬂ ﬂﬂﬂﬂﬂﬂﬂﬂﬂﬂﬂ [0;1;30m‹‹‹
 ﬂ€€€€€€€€€€€€€€€€€€€€€€€€€€€€€€€€€€€€€€€€€€€€€€€€€€€€€€€€€€€€€€€€€€€€€€€€€€€ﬂ
[0m[255D